
[2026-09-05 12:04:50] [1m== 20 fastboot ==[0m
[2026-09-05 12:04:50] [36minfo[0m  设备在 Debian 里。远程进 fastboot：改名 extlinux.conf，lk2nd 找不到配置会停在 fastboot
[2026-09-05 12:04:52] 等设备落到 fastboot（最多 180s，10s 一查）
[2026-09-05 12:05:12] [32m ok [0m  设备进入 fastboot (20s)
[2026-09-05 12:05:12] [32m ok [0m  已进入 fastboot

[2026-09-05 12:05:12] [1m== 30 boot（刷 lk2nd） ==[0m
[2026-09-05 12:05:12] 刷入 lk2nd-nomarkw.img → lk2nd 分区
Sending 'lk2nd' (356 KB)                           OKAY [  0.033s]
Writing 'lk2nd'                                    OKAY [  0.020s]
Finished. Total time: 0.130s
[2026-09-05 12:05:12] [32m ok [0m  lk2nd 分区刷写完成

[2026-09-05 12:05:12] [1m== 40 data（刷 Debian → userdata 分区） ==[0m
[2026-09-05 12:05:12] 刷入 odin-debian-sparse.img（sparse 版，fastboot 自动分块传输）
Sending sparse 'userdata' 1/2 (521468 KB)          OKAY [ 14.141s]
Writing 'userdata'                                 OKAY [  6.791s]
Sending sparse 'userdata' 2/2 (85468 KB)           OKAY [  2.336s]
Writing 'userdata'                                 OKAY [ 21.911s]
Finished. Total time: 45.228s
[2026-09-05 12:05:57] [32m ok [0m  userdata 分区刷写完成

[2026-09-05 12:05:57] [1m== 50 reboot ==[0m
Rebooting                                          OKAY [  0.014s]
Finished. Total time: 0.014s
[2026-09-05 12:05:57] 等 USB 网卡出现（最多 240s）
[2026-09-05 12:06:13] [32m ok [0m  PC 上出现 USB 网卡 (15s)
[2026-09-05 12:06:13] [32m ok [0m  USB 网络已通

[2026-09-05 12:06:13] [1m== 60 usbnet（等 PC 拿到 172.16.42.2） ==[0m
[2026-09-05 12:06:13] [32m ok [0m  PC 已持有 172.16.42.2

[2026-09-05 12:06:13] [1m== 70 ssh（等 22 端口；首启含文件系统扩容，会比较慢） ==[0m
[2026-09-05 12:07:00] [32m ok [0m  SSH 可达 (40s)
[2026-09-05 12:07:00] [32m ok [0m  SSH 已通

[2026-09-05 12:07:00] [1m== 80 verify ==[0m
[2026-09-05 12:07:00] [32m ok [0m    ✅ hostname: odin
[2026-09-05 12:07:01] [32m ok [0m    ✅ 内核版本
[2026-09-05 12:07:02] [32m ok [0m    ✅ 面板驱动已加载(ft8716): 1
[2026-09-05 12:07:02] [32m ok [0m    ✅ DSI 已连接: connected
[2026-09-05 12:07:03] [32m ok [0m    ✅ DSI 已使能: enabled
[2026-09-05 12:07:03] [32m ok [0m    ✅ DRM 设备节点
[2026-09-05 12:07:04] [32m ok [0m    ✅ 面板初始化失败数: 0
[2026-09-05 12:07:05] [32m ok [0m    ✅ 背光(回读): 500
[2026-09-05 12:07:05] [32m ok [0m    ✅ usb0 地址
[2026-09-05 12:07:06] [32m ok [0m    ✅ wlan0 存在
[2026-09-05 12:07:06] [32m ok [0m    ✅ WiFi 驱动已加载(wcn36xx): 1
[2026-09-05 12:07:07] [32m ok [0m    ✅ sshd: active
[2026-09-05 12:07:07] [32m ok [0m    ✅ resize2fs 成功(日志行): 1
[2026-09-05 12:07:08] [32m ok [0m    ✅ 扩容标记已落: 1
[2026-09-05 12:07:09] [32m ok [0m    ✅ 根分区容量: 112G（镜像本身 2G，说明已扩容）
[2026-09-05 12:07:09] [32m ok [0m    ✅ modprobe 可用

[2026-09-05 12:07:09] [32m ok [0m  验收通过 16 项，失败 0 项

[2026-09-05 12:07:09] [1m== 90 handoff ==[0m
[2026-09-05 12:07:09] [32m ok [0m  20 阶段为进 fastboot 改过名，新系统自带 /extlinux/extlinux.conf，无需还原
[2026-09-05 12:07:09] [36minfo[0m  登录：ssh user@172.16.42.1（密码 user）
[2026-09-05 12:07:09] [36minfo[0m  切完整版（带 OTG）：sudo sed -i 's/^default .*/default l0/' /extlinux/extlinux.conf && sudo reboot

[2026-09-05 12:07:09] [1m== 完成 ==[0m
